2021-10-16 22:07:34,775 Reading the file S2
2021-10-16 22:07:34,893 Reading the file S2
2021-10-16 22:07:35,015 Reading the file S2
2021-10-16 22:07:35,064 Reading the file S2
2021-10-16 22:07:35,152 Reading the file S2
2021-10-16 22:07:35,200 Reading the file S2
2021-10-16 22:07:35,277 Reading the file S2
2021-10-16 22:07:35,321 Reading the file S2
2021-10-16 22:07:35,372 Reading the file S2
2021-10-16 22:07:35,417 Reading the file S2
2021-10-16 22:07:35,470 Reading the file S2
2021-10-16 22:07:35,528 Reading the file S2
2021-10-16 22:07:35,587 Reading the file S2
2021-10-16 22:07:35,695 Reading the file S2
2021-10-16 22:07:35,762 Reading the file S2
2021-10-16 22:07:35,799 Reading the file S2
2021-10-16 22:07:35,869 Reading the file S2
2021-10-16 22:07:35,964 Reading the file S2
2021-10-16 22:07:36,022 Reading the file S2
2021-10-16 22:07:36,059 Reading the file S2
2021-10-16 22:07:36,137 Reading the file S2
2021-10-16 22:07:36,225 Reading the file S2
2021-10-16 22:07:36,298 Reading the file S2
2021-10-16 22:07:36,339 Reading the file S2
2021-10-16 22:07:36,395 Reading the file S2
2021-10-16 22:07:36,446 Reading the file S2
2021-10-16 22:07:36,480 Reading the file S2
2021-10-16 22:09:04,730 To check null values
2021-10-16 22:09:59,771 To check duplicate values
2021-10-16 22:13:23,225 Create ProfileReport
2021-10-16 22:15:58,996 Checking Outliers for Time
2021-10-16 22:17:00,116 Checking outlier for Lateral axis
2021-10-16 22:17:23,288 Checking outlier for Lateral axis
2021-10-16 22:18:13,004 Checking outlier for RSSI
2021-10-16 22:20:16,903 Checking outlier for RSSI
2021-10-16 22:20:32,343 Checking VIF for feature selection
2021-10-16 22:20:48,478 Checking VIF for feature selection
